  蹂듭썝???꾨줈?앺듃瑜??뺤씤?섎뒗 以?..
G:\SpatialTileBuilder\src\SpatialTileBuilder.App\SpatialTileBuilder.App.csproj : warning NU1510: PackageReference System.Security.Cryptography.ProtectedData?(?? ?섎━吏 ?딆뒿?덈떎. ???⑦궎吏??遺덊븘?뷀븷 ???덉쑝誘濡?醫낆냽?깆뿉???쒓굅?섎뒗 寃껋씠 醫뗭뒿?덈떎.
  蹂듭썝??紐⑤뱺 ?꾨줈?앺듃媛 理쒖떊 ?곹깭?낅땲??
G:\SpatialTileBuilder\src\SpatialTileBuilder.App\SpatialTileBuilder.App.csproj : warning NU1510: PackageReference System.Security.Cryptography.ProtectedData?(?? ?섎━吏 ?딆뒿?덈떎. ???⑦궎吏??遺덊븘?뷀븷 ???덉쑝誘濡?醫낆냽?깆뿉???쒓굅?섎뒗 寃껋씠 醫뗭뒿?덈떎.
  SpatialTileBuilder.Core -> G:\SpatialTileBuilder\src\SpatialTileBuilder.Core\bin\Debug\net10.0\SpatialTileBuilder.Core.dll
  SpatialTileBuilder.Infrastructure -> G:\SpatialTileBuilder\src\SpatialTileBuilder.Infrastructure\bin\Debug\net10.0\SpatialTileBuilder.Infrastructure.dll
G:\SpatialTileBuilder\src\SpatialTileBuilder.App\SpatialTileBuilder.App_4mg220dl_wpftmp.csproj : warning NU1510: PackageReference System.Security.Cryptography.ProtectedData?(?? ?섎━吏 ?딆뒿?덈떎. ???⑦궎吏??遺덊븘?뷀븷 ???덉쑝誘濡?醫낆냽?깆뿉???쒓굅?섎뒗 寃껋씠 醫뗭뒿?덈떎.
G:\SpatialTileBuilder\src\SpatialTileBuilder.App\Converters\StringFormatConverter.cs(11,35): warning CS8603: 媛?ν븳 null 李몄“ 諛섑솚?낅땲?? [G:\SpatialTileBuilder\src\SpatialTileBuilder.App\SpatialTileBuilder.App_4mg220dl_wpftmp.csproj]
G:\SpatialTileBuilder\src\SpatialTileBuilder.App\Converters\StringFormatConverter.cs(14,30): warning CS8604: 'string string.Format(string format, object? arg0)'??留ㅺ컻 蹂??'format'?????媛?ν븳 null 李몄“ ?몄닔?낅땲?? [G:\SpatialTileBuilder\src\SpatialTileBuilder.App\SpatialTileBuilder.App_4mg220dl_wpftmp.csproj]
G:\SpatialTileBuilder\src\SpatialTileBuilder.App\Converters\EnumToBooleanConverter.cs(29,16): error CS0234: 'Microsoft' ?ㅼ엫?ㅽ럹?댁뒪??'UI' ?뺤떇 ?먮뒗 ?ㅼ엫?ㅽ럹?댁뒪 ?대쫫???놁뒿?덈떎. ?댁뀍釉붾━ 李몄“媛 ?덈뒗吏 ?뺤씤?섏꽭?? [G:\SpatialTileBuilder\src\SpatialTileBuilder.App\SpatialTileBuilder.App_4mg220dl_wpftmp.csproj]
G:\SpatialTileBuilder\src\SpatialTileBuilder.App\Converters\ConverterParameterToVisibilityConverter.cs(11,56): error CS0234: 'Microsoft' ?ㅼ엫?ㅽ럹?댁뒪??'UI' ?뺤떇 ?먮뒗 ?ㅼ엫?ㅽ럹?댁뒪 ?대쫫???놁뒿?덈떎. ?댁뀍釉붾━ 李몄“媛 ?덈뒗吏 ?뺤씤?섏꽭?? [G:\SpatialTileBuilder\src\SpatialTileBuilder.App\SpatialTileBuilder.App_4mg220dl_wpftmp.csproj]
G:\SpatialTileBuilder\src\SpatialTileBuilder.App\Converters\ConverterParameterToVisibilityConverter.cs(16,48): error CS0234: 'Microsoft' ?ㅼ엫?ㅽ럹?댁뒪??'UI' ?뺤떇 ?먮뒗 ?ㅼ엫?ㅽ럹?댁뒪 ?대쫫???놁뒿?덈떎. ?댁뀍釉붾━ 李몄“媛 ?덈뒗吏 ?뺤씤?섏꽭?? [G:\SpatialTileBuilder\src\SpatialTileBuilder.App\SpatialTileBuilder.App_4mg220dl_wpftmp.csproj]
G:\SpatialTileBuilder\src\SpatialTileBuilder.App\Converters\ConverterParameterToVisibilityConverter.cs(16,87): error CS0234: 'Microsoft' ?ㅼ엫?ㅽ럹?댁뒪??'UI' ?뺤떇 ?먮뒗 ?ㅼ엫?ㅽ럹?댁뒪 ?대쫫???놁뒿?덈떎. ?댁뀍釉붾━ 李몄“媛 ?덈뒗吏 ?뺤씤?섏꽭?? [G:\SpatialTileBuilder\src\SpatialTileBuilder.App\SpatialTileBuilder.App_4mg220dl_wpftmp.csproj]
G:\SpatialTileBuilder\src\SpatialTileBuilder.App\Converters\ConverterParameterToVisibilityConverter.cs(19,16): error CS0234: 'Microsoft' ?ㅼ엫?ㅽ럹?댁뒪??'UI' ?뺤떇 ?먮뒗 ?ㅼ엫?ㅽ럹?댁뒪 ?대쫫???놁뒿?덈떎. ?댁뀍釉붾━ 李몄“媛 ?덈뒗吏 ?뺤씤?섏꽭?? [G:\SpatialTileBuilder\src\SpatialTileBuilder.App\SpatialTileBuilder.App_4mg220dl_wpftmp.csproj]
G:\SpatialTileBuilder\src\SpatialTileBuilder.App\ViewModels\LayerSelectionViewModel.cs(67,40): warning CS8600: null 由ы꽣???먮뒗 媛?ν븳 null 媛믪쓣 null???덉슜?섏? ?딅뒗 ?뺤떇?쇰줈 蹂?섑븯??以묒엯?덈떎. [G:\SpatialTileBuilder\src\SpatialTileBuilder.App\SpatialTileBuilder.App_4mg220dl_wpftmp.csproj]
G:\SpatialTileBuilder\src\SpatialTileBuilder.App\ViewModels\LayerSelectionViewModel.cs(83,42): warning CS8600: null 由ы꽣???먮뒗 媛?ν븳 null 媛믪쓣 null???덉슜?섏? ?딅뒗 ?뺤떇?쇰줈 蹂?섑븯??以묒엯?덈떎. [G:\SpatialTileBuilder\src\SpatialTileBuilder.App\SpatialTileBuilder.App_4mg220dl_wpftmp.csproj]
G:\SpatialTileBuilder\src\SpatialTileBuilder.App\Views\GenerationMonitorPage.xaml.cs(14,27): error CS0103: 'Application' ?대쫫???꾩옱 而⑦뀓?ㅽ듃???놁뒿?덈떎. [G:\SpatialTileBuilder\src\SpatialTileBuilder.App\SpatialTileBuilder.App_4mg220dl_wpftmp.csproj]
G:\SpatialTileBuilder\src\SpatialTileBuilder.App\Views\LayerSelectionPage.xaml.cs(14,27): error CS0103: 'Application' ?대쫫???꾩옱 而⑦뀓?ㅽ듃???놁뒿?덈떎. [G:\SpatialTileBuilder\src\SpatialTileBuilder.App\SpatialTileBuilder.App_4mg220dl_wpftmp.csproj]
G:\SpatialTileBuilder\src\SpatialTileBuilder.App\Views\LayerSelectionPage.xaml.cs(19,13): error CS0120: static???꾨땶 ?꾨뱶, 硫붿꽌???먮뒗 ?띿꽦 'Frame.Navigate(object, object)'??媛쒖껜 李몄“媛 ?꾩슂?⑸땲?? [G:\SpatialTileBuilder\src\SpatialTileBuilder.App\SpatialTileBuilder.App_4mg220dl_wpftmp.csproj]
G:\SpatialTileBuilder\src\SpatialTileBuilder.App\Views\LoginPage.xaml.cs(18,21): warning CS8601: 媛?ν븳 null 李몄“ ?좊떦?낅땲?? [G:\SpatialTileBuilder\src\SpatialTileBuilder.App\SpatialTileBuilder.App_4mg220dl_wpftmp.csproj]
G:\SpatialTileBuilder\src\SpatialTileBuilder.App\Views\LoginPage.xaml.cs(13,12): warning CS8618: null???덉슜?섏? ?딅뒗 ?띿꽦 'ViewModel'?(?? ?앹꽦?먮? 醫낅즺????null???꾨땶 媛믪쓣 ?ы븿?댁빞 ?⑸땲?? 'required' ?쒖젙?먮? 異붽??섍굅???띿꽦??瑜? nullable濡??좎뼵?섎뒗 寃껋씠 醫뗭뒿?덈떎. [G:\SpatialTileBuilder\src\SpatialTileBuilder.App\SpatialTileBuilder.App_4mg220dl_wpftmp.csproj]
G:\SpatialTileBuilder\src\SpatialTileBuilder.App\Views\RegionSelectionPage.xaml.cs(14,27): error CS0103: 'Application' ?대쫫???꾩옱 而⑦뀓?ㅽ듃???놁뒿?덈떎. [G:\SpatialTileBuilder\src\SpatialTileBuilder.App\SpatialTileBuilder.App_4mg220dl_wpftmp.csproj]

鍮뚮뱶?섏? 紐삵뻽?듬땲??

G:\SpatialTileBuilder\src\SpatialTileBuilder.App\SpatialTileBuilder.App.csproj : warning NU1510: PackageReference System.Security.Cryptography.ProtectedData?(?? ?섎━吏 ?딆뒿?덈떎. ???⑦궎吏??遺덊븘?뷀븷 ???덉쑝誘濡?醫낆냽?깆뿉???쒓굅?섎뒗 寃껋씠 醫뗭뒿?덈떎.
G:\SpatialTileBuilder\src\SpatialTileBuilder.App\SpatialTileBuilder.App.csproj : warning NU1510: PackageReference System.Security.Cryptography.ProtectedData?(?? ?섎━吏 ?딆뒿?덈떎. ???⑦궎吏??遺덊븘?뷀븷 ???덉쑝誘濡?醫낆냽?깆뿉???쒓굅?섎뒗 寃껋씠 醫뗭뒿?덈떎.
G:\SpatialTileBuilder\src\SpatialTileBuilder.App\SpatialTileBuilder.App_4mg220dl_wpftmp.csproj : warning NU1510: PackageReference System.Security.Cryptography.ProtectedData?(?? ?섎━吏 ?딆뒿?덈떎. ???⑦궎吏??遺덊븘?뷀븷 ???덉쑝誘濡?醫낆냽?깆뿉???쒓굅?섎뒗 寃껋씠 醫뗭뒿?덈떎.
G:\SpatialTileBuilder\src\SpatialTileBuilder.App\Converters\StringFormatConverter.cs(11,35): warning CS8603: 媛?ν븳 null 李몄“ 諛섑솚?낅땲?? [G:\SpatialTileBuilder\src\SpatialTileBuilder.App\SpatialTileBuilder.App_4mg220dl_wpftmp.csproj]
G:\SpatialTileBuilder\src\SpatialTileBuilder.App\Converters\StringFormatConverter.cs(14,30): warning CS8604: 'string string.Format(string format, object? arg0)'??留ㅺ컻 蹂??'format'?????媛?ν븳 null 李몄“ ?몄닔?낅땲?? [G:\SpatialTileBuilder\src\SpatialTileBuilder.App\SpatialTileBuilder.App_4mg220dl_wpftmp.csproj]
G:\SpatialTileBuilder\src\SpatialTileBuilder.App\ViewModels\LayerSelectionViewModel.cs(67,40): warning CS8600: null 由ы꽣???먮뒗 媛?ν븳 null 媛믪쓣 null???덉슜?섏? ?딅뒗 ?뺤떇?쇰줈 蹂?섑븯??以묒엯?덈떎. [G:\SpatialTileBuilder\src\SpatialTileBuilder.App\SpatialTileBuilder.App_4mg220dl_wpftmp.csproj]
G:\SpatialTileBuilder\src\SpatialTileBuilder.App\ViewModels\LayerSelectionViewModel.cs(83,42): warning CS8600: null 由ы꽣???먮뒗 媛?ν븳 null 媛믪쓣 null???덉슜?섏? ?딅뒗 ?뺤떇?쇰줈 蹂?섑븯??以묒엯?덈떎. [G:\SpatialTileBuilder\src\SpatialTileBuilder.App\SpatialTileBuilder.App_4mg220dl_wpftmp.csproj]
G:\SpatialTileBuilder\src\SpatialTileBuilder.App\Views\LoginPage.xaml.cs(18,21): warning CS8601: 媛?ν븳 null 李몄“ ?좊떦?낅땲?? [G:\SpatialTileBuilder\src\SpatialTileBuilder.App\SpatialTileBuilder.App_4mg220dl_wpftmp.csproj]
G:\SpatialTileBuilder\src\SpatialTileBuilder.App\Views\LoginPage.xaml.cs(13,12): warning CS8618: null???덉슜?섏? ?딅뒗 ?띿꽦 'ViewModel'?(?? ?앹꽦?먮? 醫낅즺????null???꾨땶 媛믪쓣 ?ы븿?댁빞 ?⑸땲?? 'required' ?쒖젙?먮? 異붽??섍굅???띿꽦??瑜? nullable濡??좎뼵?섎뒗 寃껋씠 醫뗭뒿?덈떎. [G:\SpatialTileBuilder\src\SpatialTileBuilder.App\SpatialTileBuilder.App_4mg220dl_wpftmp.csproj]
G:\SpatialTileBuilder\src\SpatialTileBuilder.App\Converters\EnumToBooleanConverter.cs(29,16): error CS0234: 'Microsoft' ?ㅼ엫?ㅽ럹?댁뒪??'UI' ?뺤떇 ?먮뒗 ?ㅼ엫?ㅽ럹?댁뒪 ?대쫫???놁뒿?덈떎. ?댁뀍釉붾━ 李몄“媛 ?덈뒗吏 ?뺤씤?섏꽭?? [G:\SpatialTileBuilder\src\SpatialTileBuilder.App\SpatialTileBuilder.App_4mg220dl_wpftmp.csproj]
G:\SpatialTileBuilder\src\SpatialTileBuilder.App\Converters\ConverterParameterToVisibilityConverter.cs(11,56): error CS0234: 'Microsoft' ?ㅼ엫?ㅽ럹?댁뒪??'UI' ?뺤떇 ?먮뒗 ?ㅼ엫?ㅽ럹?댁뒪 ?대쫫???놁뒿?덈떎. ?댁뀍釉붾━ 李몄“媛 ?덈뒗吏 ?뺤씤?섏꽭?? [G:\SpatialTileBuilder\src\SpatialTileBuilder.App\SpatialTileBuilder.App_4mg220dl_wpftmp.csproj]
G:\SpatialTileBuilder\src\SpatialTileBuilder.App\Converters\ConverterParameterToVisibilityConverter.cs(16,48): error CS0234: 'Microsoft' ?ㅼ엫?ㅽ럹?댁뒪??'UI' ?뺤떇 ?먮뒗 ?ㅼ엫?ㅽ럹?댁뒪 ?대쫫???놁뒿?덈떎. ?댁뀍釉붾━ 李몄“媛 ?덈뒗吏 ?뺤씤?섏꽭?? [G:\SpatialTileBuilder\src\SpatialTileBuilder.App\SpatialTileBuilder.App_4mg220dl_wpftmp.csproj]
G:\SpatialTileBuilder\src\SpatialTileBuilder.App\Converters\ConverterParameterToVisibilityConverter.cs(16,87): error CS0234: 'Microsoft' ?ㅼ엫?ㅽ럹?댁뒪??'UI' ?뺤떇 ?먮뒗 ?ㅼ엫?ㅽ럹?댁뒪 ?대쫫???놁뒿?덈떎. ?댁뀍釉붾━ 李몄“媛 ?덈뒗吏 ?뺤씤?섏꽭?? [G:\SpatialTileBuilder\src\SpatialTileBuilder.App\SpatialTileBuilder.App_4mg220dl_wpftmp.csproj]
G:\SpatialTileBuilder\src\SpatialTileBuilder.App\Converters\ConverterParameterToVisibilityConverter.cs(19,16): error CS0234: 'Microsoft' ?ㅼ엫?ㅽ럹?댁뒪??'UI' ?뺤떇 ?먮뒗 ?ㅼ엫?ㅽ럹?댁뒪 ?대쫫???놁뒿?덈떎. ?댁뀍釉붾━ 李몄“媛 ?덈뒗吏 ?뺤씤?섏꽭?? [G:\SpatialTileBuilder\src\SpatialTileBuilder.App\SpatialTileBuilder.App_4mg220dl_wpftmp.csproj]
G:\SpatialTileBuilder\src\SpatialTileBuilder.App\Views\GenerationMonitorPage.xaml.cs(14,27): error CS0103: 'Application' ?대쫫???꾩옱 而⑦뀓?ㅽ듃???놁뒿?덈떎. [G:\SpatialTileBuilder\src\SpatialTileBuilder.App\SpatialTileBuilder.App_4mg220dl_wpftmp.csproj]
G:\SpatialTileBuilder\src\SpatialTileBuilder.App\Views\LayerSelectionPage.xaml.cs(14,27): error CS0103: 'Application' ?대쫫???꾩옱 而⑦뀓?ㅽ듃???놁뒿?덈떎. [G:\SpatialTileBuilder\src\SpatialTileBuilder.App\SpatialTileBuilder.App_4mg220dl_wpftmp.csproj]
G:\SpatialTileBuilder\src\SpatialTileBuilder.App\Views\LayerSelectionPage.xaml.cs(19,13): error CS0120: static???꾨땶 ?꾨뱶, 硫붿꽌???먮뒗 ?띿꽦 'Frame.Navigate(object, object)'??媛쒖껜 李몄“媛 ?꾩슂?⑸땲?? [G:\SpatialTileBuilder\src\SpatialTileBuilder.App\SpatialTileBuilder.App_4mg220dl_wpftmp.csproj]
G:\SpatialTileBuilder\src\SpatialTileBuilder.App\Views\RegionSelectionPage.xaml.cs(14,27): error CS0103: 'Application' ?대쫫???꾩옱 而⑦뀓?ㅽ듃???놁뒿?덈떎. [G:\SpatialTileBuilder\src\SpatialTileBuilder.App\SpatialTileBuilder.App_4mg220dl_wpftmp.csproj]
    寃쎄퀬 9媛?
    ?ㅻ쪟 9媛?

寃쎄낵 ?쒓컙: 00:00:02.01
